<?xml version="1.0" encoding="ISO-8859-1" ?>
<link_info>
   <banner>MSP430 Linker Unix v18.12.3.LTS</banner>
   <copyright>Copyright (c) 2003-2018 Texas Instruments Incorporated</copyright>
   <link_time>0x5db8514f</link_time>
   <link_errors>0x0</link_errors>
   <output_file>RTOSDemo.out</output_file>
   <entry_point>
      <name>_c_int00_noargs</name>
      <address>0x5c90</address>
   </entry_point>
   <input_file_list>
      <input_file id="fl-2">
         <path>./Demo_Source/Common_Demo_Files/</path>
         <kind>object</kind>
         <file>GenQTest.obj</file>
         <name>GenQTest.obj</name>
      </input_file>
      <input_file id="fl-3">
         <path>./Demo_Source/Common_Demo_Files/</path>
         <kind>object</kind>
         <file>TimerDemo.obj</file>
         <name>TimerDemo.obj</name>
      </input_file>
      <input_file id="fl-4">
         <path>./Demo_Source/Common_Demo_Files/</path>
         <kind>object</kind>
         <file>comtest.obj</file>
         <name>comtest.obj</name>
      </input_file>
      <input_file id="fl-5">
         <path>./Demo_Source/Common_Demo_Files/</path>
         <kind>object</kind>
         <file>countsem.obj</file>
         <name>countsem.obj</name>
      </input_file>
      <input_file id="fl-6">
         <path>./Demo_Source/Common_Demo_Files/</path>
         <kind>object</kind>
         <file>dynamic.obj</file>
         <name>dynamic.obj</name>
      </input_file>
      <input_file id="fl-7">
         <path>./Demo_Source/F5XX_6XX_Core_Lib/</path>
         <kind>object</kind>
         <file>HAL_PMM.obj</file>
         <name>HAL_PMM.obj</name>
      </input_file>
      <input_file id="fl-8">
         <path>./Demo_Source/F5XX_6XX_Core_Lib/</path>
         <kind>object</kind>
         <file>hal_UCS.obj</file>
         <name>hal_UCS.obj</name>
      </input_file>
      <input_file id="fl-9">
         <path>./Demo_Source/MSP-EXP430F5438_HAL/</path>
         <kind>object</kind>
         <file>hal_board.obj</file>
         <name>hal_board.obj</name>
      </input_file>
      <input_file id="fl-a">
         <path>./Demo_Source/MSP-EXP430F5438_HAL/</path>
         <kind>object</kind>
         <file>hal_buttons.obj</file>
         <name>hal_buttons.obj</name>
      </input_file>
      <input_file id="fl-b">
         <path>./Demo_Source/MSP-EXP430F5438_HAL/</path>
         <kind>object</kind>
         <file>hal_lcd.obj</file>
         <name>hal_lcd.obj</name>
      </input_file>
      <input_file id="fl-c">
         <path>./Demo_Source/MSP-EXP430F5438_HAL/</path>
         <kind>object</kind>
         <file>hal_lcd_fonts.obj</file>
         <name>hal_lcd_fonts.obj</name>
      </input_file>
      <input_file id="fl-d">
         <path>./Demo_Source/</path>
         <kind>object</kind>
         <file>ParTest.obj</file>
         <name>ParTest.obj</name>
      </input_file>
      <input_file id="fl-e">
         <path>./Demo_Source/</path>
         <kind>object</kind>
         <file>RegTest.obj</file>
         <name>RegTest.obj</name>
      </input_file>
      <input_file id="fl-f">
         <path>./Demo_Source/</path>
         <kind>object</kind>
         <file>RunTimeStatsConfig.obj</file>
         <name>RunTimeStatsConfig.obj</name>
      </input_file>
      <input_file id="fl-10">
         <path>./Demo_Source/</path>
         <kind>object</kind>
         <file>main.obj</file>
         <name>main.obj</name>
      </input_file>
      <input_file id="fl-11">
         <path>./Demo_Source/</path>
         <kind>object</kind>
         <file>printf-stdarg.obj</file>
         <name>printf-stdarg.obj</name>
      </input_file>
      <input_file id="fl-12">
         <path>./Demo_Source/</path>
         <kind>object</kind>
         <file>serial.obj</file>
         <name>serial.obj</name>
      </input_file>
      <input_file id="fl-13">
         <path>./FreeRTOS_Source/</path>
         <kind>object</kind>
         <file>list.obj</file>
         <name>list.obj</name>
      </input_file>
      <input_file id="fl-14">
         <path>./FreeRTOS_Source/</path>
         <kind>object</kind>
         <file>queue.obj</file>
         <name>queue.obj</name>
      </input_file>
      <input_file id="fl-15">
         <path>./FreeRTOS_Source/</path>
         <kind>object</kind>
         <file>tasks.obj</file>
         <name>tasks.obj</name>
      </input_file>
      <input_file id="fl-16">
         <path>./FreeRTOS_Source/</path>
         <kind>object</kind>
         <file>timers.obj</file>
         <name>timers.obj</name>
      </input_file>
      <input_file id="fl-17">
         <path>./FreeRTOS_Source/portable/CCS/MSP430X/</path>
         <kind>object</kind>
         <file>port.obj</file>
         <name>port.obj</name>
      </input_file>
      <input_file id="fl-18">
         <path>./FreeRTOS_Source/portable/CCS/MSP430X/</path>
         <kind>object</kind>
         <file>portext.obj</file>
         <name>portext.obj</name>
      </input_file>
      <input_file id="fl-19">
         <path>./FreeRTOS_Source/portable/MemMang/</path>
         <kind>object</kind>
         <file>heap_1.obj</file>
         <name>heap_1.obj</name>
      </input_file>
      <input_file id="fl-1f">
         <kind>object</kind>
         <file>&lt;internal&gt;</file>
         <name>&lt;internal&gt;</name>
      </input_file>
      <input_file id="fl-35">
         <path>/home/justin/ti/ccs920/ccs/tools/compiler/ti-cgt-msp430_18.12.3.LTS/lib/</path>
         <kind>archive</kind>
         <file>rts430x_lc_ld_eabi.lib</file>
         <name>div16u.asm.obj</name>
      </input_file>
      <input_file id="fl-36">
         <path>/home/justin/ti/ccs920/ccs/tools/compiler/ti-cgt-msp430_18.12.3.LTS/lib/</path>
         <kind>archive</kind>
         <file>rts430x_lc_ld_eabi.lib</file>
         <name>div32u.asm.obj</name>
      </input_file>
      <input_file id="fl-37">
         <path>/home/justin/ti/ccs920/ccs/tools/compiler/ti-cgt-msp430_18.12.3.LTS/lib/</path>
         <kind>archive</kind>
         <file>rts430x_lc_ld_eabi.lib</file>
         <name>int41.asm.obj</name>
      </input_file>
      <input_file id="fl-38">
         <path>/home/justin/ti/ccs920/ccs/tools/compiler/ti-cgt-msp430_18.12.3.LTS/lib/</path>
         <kind>archive</kind>
         <file>rts430x_lc_ld_eabi.lib</file>
         <name>int43.asm.obj</name>
      </input_file>
      <input_file id="fl-39">
         <path>/home/justin/ti/ccs920/ccs/tools/compiler/ti-cgt-msp430_18.12.3.LTS/lib/</path>
         <kind>archive</kind>
         <file>rts430x_lc_ld_eabi.lib</file>
         <name>int44.asm.obj</name>
      </input_file>
      <input_file id="fl-3a">
         <path>/home/justin/ti/ccs920/ccs/tools/compiler/ti-cgt-msp430_18.12.3.LTS/lib/</path>
         <kind>archive</kind>
         <file>rts430x_lc_ld_eabi.lib</file>
         <name>int45.asm.obj</name>
      </input_file>
      <input_file id="fl-3b">
         <path>/home/justin/ti/ccs920/ccs/tools/compiler/ti-cgt-msp430_18.12.3.LTS/lib/</path>
         <kind>archive</kind>
         <file>rts430x_lc_ld_eabi.lib</file>
         <name>int47.asm.obj</name>
      </input_file>
      <input_file id="fl-3c">
         <path>/home/justin/ti/ccs920/ccs/tools/compiler/ti-cgt-msp430_18.12.3.LTS/lib/</path>
         <kind>archive</kind>
         <file>rts430x_lc_ld_eabi.lib</file>
         <name>int48.asm.obj</name>
      </input_file>
      <input_file id="fl-3d">
         <path>/home/justin/ti/ccs920/ccs/tools/compiler/ti-cgt-msp430_18.12.3.LTS/lib/</path>
         <kind>archive</kind>
         <file>rts430x_lc_ld_eabi.lib</file>
         <name>int50.asm.obj</name>
      </input_file>
      <input_file id="fl-3e">
         <path>/home/justin/ti/ccs920/ccs/tools/compiler/ti-cgt-msp430_18.12.3.LTS/lib/</path>
         <kind>archive</kind>
         <file>rts430x_lc_ld_eabi.lib</file>
         <name>int51.asm.obj</name>
      </input_file>
      <input_file id="fl-3f">
         <path>/home/justin/ti/ccs920/ccs/tools/compiler/ti-cgt-msp430_18.12.3.LTS/lib/</path>
         <kind>archive</kind>
         <file>rts430x_lc_ld_eabi.lib</file>
         <name>int52.asm.obj</name>
      </input_file>
      <input_file id="fl-40">
         <path>/home/justin/ti/ccs920/ccs/tools/compiler/ti-cgt-msp430_18.12.3.LTS/lib/</path>
         <kind>archive</kind>
         <file>rts430x_lc_ld_eabi.lib</file>
         <name>int53.asm.obj</name>
      </input_file>
      <input_file id="fl-41">
         <path>/home/justin/ti/ccs920/ccs/tools/compiler/ti-cgt-msp430_18.12.3.LTS/lib/</path>
         <kind>archive</kind>
         <file>rts430x_lc_ld_eabi.lib</file>
         <name>int55.asm.obj</name>
      </input_file>
      <input_file id="fl-42">
         <path>/home/justin/ti/ccs920/ccs/tools/compiler/ti-cgt-msp430_18.12.3.LTS/lib/</path>
         <kind>archive</kind>
         <file>rts430x_lc_ld_eabi.lib</file>
         <name>int56.asm.obj</name>
      </input_file>
      <input_file id="fl-43">
         <path>/home/justin/ti/ccs920/ccs/tools/compiler/ti-cgt-msp430_18.12.3.LTS/lib/</path>
         <kind>archive</kind>
         <file>rts430x_lc_ld_eabi.lib</file>
         <name>int57.asm.obj</name>
      </input_file>
      <input_file id="fl-44">
         <path>/home/justin/ti/ccs920/ccs/tools/compiler/ti-cgt-msp430_18.12.3.LTS/lib/</path>
         <kind>archive</kind>
         <file>rts430x_lc_ld_eabi.lib</file>
         <name>int58.asm.obj</name>
      </input_file>
      <input_file id="fl-45">
         <path>/home/justin/ti/ccs920/ccs/tools/compiler/ti-cgt-msp430_18.12.3.LTS/lib/</path>
         <kind>archive</kind>
         <file>rts430x_lc_ld_eabi.lib</file>
         <name>int59.asm.obj</name>
      </input_file>
      <input_file id="fl-46">
         <path>/home/justin/ti/ccs920/ccs/tools/compiler/ti-cgt-msp430_18.12.3.LTS/lib/</path>
         <kind>archive</kind>
         <file>rts430x_lc_ld_eabi.lib</file>
         <name>int60.asm.obj</name>
      </input_file>
      <input_file id="fl-47">
         <path>/home/justin/ti/ccs920/ccs/tools/compiler/ti-cgt-msp430_18.12.3.LTS/lib/</path>
         <kind>archive</kind>
         <file>rts430x_lc_ld_eabi.lib</file>
         <name>int61.asm.obj</name>
      </input_file>
      <input_file id="fl-48">
         <path>/home/justin/ti/ccs920/ccs/tools/compiler/ti-cgt-msp430_18.12.3.LTS/lib/</path>
         <kind>archive</kind>
         <file>rts430x_lc_ld_eabi.lib</file>
         <name>int62.asm.obj</name>
      </input_file>
      <input_file id="fl-49">
         <path>/home/justin/ti/ccs920/ccs/tools/compiler/ti-cgt-msp430_18.12.3.LTS/lib/</path>
         <kind>archive</kind>
         <file>rts430x_lc_ld_eabi.lib</file>
         <name>isr_trap.asm.obj</name>
      </input_file>
      <input_file id="fl-4a">
         <path>/home/justin/ti/ccs920/ccs/tools/compiler/ti-cgt-msp430_18.12.3.LTS/lib/</path>
         <kind>archive</kind>
         <file>rts430x_lc_ld_eabi.lib</file>
         <name>lsl16.asm.obj</name>
      </input_file>
      <input_file id="fl-4b">
         <path>/home/justin/ti/ccs920/ccs/tools/compiler/ti-cgt-msp430_18.12.3.LTS/lib/</path>
         <kind>archive</kind>
         <file>rts430x_lc_ld_eabi.lib</file>
         <name>lsr32.asm.obj</name>
      </input_file>
      <input_file id="fl-4c">
         <path>/home/justin/ti/ccs920/ccs/tools/compiler/ti-cgt-msp430_18.12.3.LTS/lib/</path>
         <kind>archive</kind>
         <file>rts430x_lc_ld_eabi.lib</file>
         <name>mult16.asm.obj</name>
      </input_file>
      <input_file id="fl-4d">
         <path>/home/justin/ti/ccs920/ccs/tools/compiler/ti-cgt-msp430_18.12.3.LTS/lib/</path>
         <kind>archive</kind>
         <file>rts430x_lc_ld_eabi.lib</file>
         <name>mult16_f5hw.asm.obj</name>
      </input_file>
      <input_file id="fl-4e">
         <path>/home/justin/ti/ccs920/ccs/tools/compiler/ti-cgt-msp430_18.12.3.LTS/lib/</path>
         <kind>archive</kind>
         <file>rts430x_lc_ld_eabi.lib</file>
         <name>mult1632_f5hw.asm.obj</name>
      </input_file>
      <input_file id="fl-4f">
         <path>/home/justin/ti/ccs920/ccs/tools/compiler/ti-cgt-msp430_18.12.3.LTS/lib/</path>
         <kind>archive</kind>
         <file>rts430x_lc_ld_eabi.lib</file>
         <name>mult32_f5hw.asm.obj</name>
      </input_file>
      <input_file id="fl-50">
         <path>/home/justin/ti/ccs920/ccs/tools/compiler/ti-cgt-msp430_18.12.3.LTS/lib/</path>
         <kind>archive</kind>
         <file>rts430x_lc_ld_eabi.lib</file>
         <name>mult3264_f5hw.asm.obj</name>
      </input_file>
      <input_file id="fl-51">
         <path>/home/justin/ti/ccs920/ccs/tools/compiler/ti-cgt-msp430_18.12.3.LTS/lib/</path>
         <kind>archive</kind>
         <file>rts430x_lc_ld_eabi.lib</file>
         <name>mult64_f5hw.asm.obj</name>
      </input_file>
      <input_file id="fl-52">
         <path>/home/justin/ti/ccs920/ccs/tools/compiler/ti-cgt-msp430_18.12.3.LTS/lib/</path>
         <kind>archive</kind>
         <file>rts430x_lc_ld_eabi.lib</file>
         <name>boot.c.obj</name>
      </input_file>
      <input_file id="fl-53">
         <path>/home/justin/ti/ccs920/ccs/tools/compiler/ti-cgt-msp430_18.12.3.LTS/lib/</path>
         <kind>archive</kind>
         <file>rts430x_lc_ld_eabi.lib</file>
         <name>autoinit.c.obj</name>
      </input_file>
      <input_file id="fl-54">
         <path>/home/justin/ti/ccs920/ccs/tools/compiler/ti-cgt-msp430_18.12.3.LTS/lib/</path>
         <kind>archive</kind>
         <file>rts430x_lc_ld_eabi.lib</file>
         <name>copy_zero_init.c.obj</name>
      </input_file>
      <input_file id="fl-55">
         <path>/home/justin/ti/ccs920/ccs/tools/compiler/ti-cgt-msp430_18.12.3.LTS/lib/</path>
         <kind>archive</kind>
         <file>rts430x_lc_ld_eabi.lib</file>
         <name>cpy_tbl.c.obj</name>
      </input_file>
      <input_file id="fl-56">
         <path>/home/justin/ti/ccs920/ccs/tools/compiler/ti-cgt-msp430_18.12.3.LTS/lib/</path>
         <kind>archive</kind>
         <file>rts430x_lc_ld_eabi.lib</file>
         <name>mpu_init.c.obj</name>
      </input_file>
      <input_file id="fl-57">
         <path>/home/justin/ti/ccs920/ccs/tools/compiler/ti-cgt-msp430_18.12.3.LTS/lib/</path>
         <kind>archive</kind>
         <file>rts430x_lc_ld_eabi.lib</file>
         <name>pre_init.c.obj</name>
      </input_file>
      <input_file id="fl-58">
         <path>/home/justin/ti/ccs920/ccs/tools/compiler/ti-cgt-msp430_18.12.3.LTS/lib/</path>
         <kind>archive</kind>
         <file>rts430x_lc_ld_eabi.lib</file>
         <name>startup.c.obj</name>
      </input_file>
      <input_file id="fl-59">
         <path>/home/justin/ti/ccs920/ccs/tools/compiler/ti-cgt-msp430_18.12.3.LTS/lib/</path>
         <kind>archive</kind>
         <file>rts430x_lc_ld_eabi.lib</file>
         <name>copy_decompress_none.c.obj</name>
      </input_file>
      <input_file id="fl-5a">
         <path>/home/justin/ti/ccs920/ccs/tools/compiler/ti-cgt-msp430_18.12.3.LTS/lib/</path>
         <kind>archive</kind>
         <file>rts430x_lc_ld_eabi.lib</file>
         <name>copy_decompress_lzss.c.obj</name>
      </input_file>
      <input_file id="fl-5b">
         <path>/home/justin/ti/ccs920/ccs/tools/compiler/ti-cgt-msp430_18.12.3.LTS/lib/</path>
         <kind>archive</kind>
         <file>rts430x_lc_ld_eabi.lib</file>
         <name>exit.c.obj</name>
      </input_file>
      <input_file id="fl-5c">
         <path>/home/justin/ti/ccs920/ccs/tools/compiler/ti-cgt-msp430_18.12.3.LTS/lib/</path>
         <kind>archive</kind>
         <file>rts430x_lc_ld_eabi.lib</file>
         <name>_lock.c.obj</name>
      </input_file>
      <input_file id="fl-5d">
         <path>/home/justin/ti/ccs920/ccs/tools/compiler/ti-cgt-msp430_18.12.3.LTS/lib/</path>
         <kind>archive</kind>
         <file>rts430x_lc_ld_eabi.lib</file>
         <name>args_main.c.obj</name>
      </input_file>
      <input_file id="fl-5e">
         <path>/home/justin/ti/ccs920/ccs/tools/compiler/ti-cgt-msp430_18.12.3.LTS/lib/</path>
         <kind>archive</kind>
         <file>rts430x_lc_ld_eabi.lib</file>
         <name>memcpy.c.obj</name>
      </input_file>
      <input_file id="fl-5f">
         <path>/home/justin/ti/ccs920/ccs/tools/compiler/ti-cgt-msp430_18.12.3.LTS/lib/</path>
         <kind>archive</kind>
         <file>rts430x_lc_ld_eabi.lib</file>
         <name>memset.c.obj</name>
      </input_file>
      <input_file id="fl-60">
         <path>/home/justin/ti/ccs920/ccs/tools/compiler/ti-cgt-msp430_18.12.3.LTS/lib/</path>
         <kind>archive</kind>
         <file>rts430x_lc_ld_eabi.lib</file>
         <name>strcmp.c.obj</name>
      </input_file>
      <input_file id="fl-61">
         <path>/home/justin/ti/ccs920/ccs/tools/compiler/ti-cgt-msp430_18.12.3.LTS/lib/</path>
         <kind>archive</kind>
         <file>rts430x_lc_ld_eabi.lib</file>
         <name>asr32.asm.obj</name>
      </input_file>
      <input_file id="fl-62">
         <path>/home/justin/ti/ccs920/ccs/tools/compiler/ti-cgt-msp430_18.12.3.LTS/lib/</path>
         <kind>archive</kind>
         <file>rts430x_lc_ld_eabi.lib</file>
         <name>exit_gvars.c.obj</name>
      </input_file>
   </input_file_list>
   <object_component_list>
      <object_component id="oc-6f0">
         <name>.bss</name>
         <uninitialized>true</uninitialized>
         <run_address>0x5374</run_address>
         <size>0x2</size>
         <input_file_ref idref="fl-3"/>
      </object_component>
      <object_component id="oc-6ec">
         <name>.bss:xParameters</name>
         <uninitialized>true</uninitialized>
         <run_address>0x532c</run_address>
         <size>0x10</size>
         <input_file_ref idref="fl-5"/>
      </object_component>
      <object_component id="oc-3b6">
         <name>.bss</name>
         <uninitialized>true</uninitialized>
         <run_address>0x535c</run_address>
         <size>0x8</size>
         <input_file_ref idref="fl-12"/>
      </object_component>
      <object_component id="oc-4dd">
         <name>.bss:pxReadyTasksLists</name>
         <uninitialized>true</uninitialized>
         <run_address>0x529c</run_address>
         <size>0x50</size>
         <input_file_ref idref="fl-15"/>
      </object_component>
      <object_component id="oc-862">
         <name>.bss:xDelayedTaskList1</name>
         <uninitialized>true</uninitialized>
         <run_address>0x530c</run_address>
         <size>0x10</size>
         <input_file_ref idref="fl-15"/>
      </object_component>
      <object_component id="oc-865">
         <name>.bss:xDelayedTaskList2</name>
         <uninitialized>true</uninitialized>
         <run_address>0x531c</run_address>
         <size>0x10</size>
         <input_file_ref idref="fl-15"/>
      </object_component>
      <object_component id="oc-50b">
         <name>.bss</name>
         <uninitialized>true</uninitialized>
         <run_address>0x5364</run_address>
         <size>0x8</size>
         <input_file_ref idref="fl-15"/>
      </object_component>
      <object_component id="oc-4e6">
         <name>.bss:xPendingReadyList</name>
         <uninitialized>true</uninitialized>
         <run_address>0x533c</run_address>
         <size>0x10</size>
         <input_file_ref idref="fl-15"/>
      </object_component>
      <object_component id="oc-85b">
         <name>.bss:xSuspendedTaskList</name>
         <uninitialized>true</uninitialized>
         <run_address>0x534c</run_address>
         <size>0x10</size>
         <input_file_ref idref="fl-15"/>
      </object_component>
      <object_component id="oc-811">
         <name>.bss:xActiveTimerList1</name>
         <uninitialized>true</uninitialized>
         <run_address>0x52ec</run_address>
         <size>0x10</size>
         <input_file_ref idref="fl-16"/>
      </object_component>
      <object_component id="oc-814">
         <name>.bss:xActiveTimerList2</name>
         <uninitialized>true</uninitialized>
         <run_address>0x52fc</run_address>
         <size>0x10</size>
         <input_file_ref idref="fl-16"/>
      </object_component>
      <object_component id="oc-817">
         <name>.bss</name>
         <uninitialized>true</uninitialized>
         <run_address>0x536c</run_address>
         <size>0x8</size>
         <input_file_ref idref="fl-16"/>
      </object_component>
      <object_component id="oc-676">
         <name>.bss:ucHeap</name>
         <uninitialized>true</uninitialized>
         <run_address>0x1c00</run_address>
         <size>0x2800</size>
         <input_file_ref idref="fl-19"/>
      </object_component>
      <object_component id="oc-663">
         <name>.common:LCD_MEM</name>
         <uninitialized>true</uninitialized>
         <run_address>0x4400</run_address>
         <size>0xe9c</size>
      </object_component>
      <object_component id="oc-6e5">
         <name>.data</name>
         <load_address>0x5424</load_address>
         <run_address>0x5424</run_address>
         <size>0x18</size>
         <input_file_ref idref="fl-2"/>
      </object_component>
      <object_component id="oc-6f1">
         <name>.data</name>
         <load_address>0x53e2</load_address>
         <run_address>0x53e2</run_address>
         <size>0x26</size>
         <input_file_ref idref="fl-3"/>
      </object_component>
      <object_component id="oc-57a">
         <name>.data</name>
         <load_address>0x5498</load_address>
         <run_address>0x5498</run_address>
         <size>0x4</size>
         <input_file_ref idref="fl-4"/>
      </object_component>
      <object_component id="oc-6e9">
         <name>.data</name>
         <load_address>0x5482</load_address>
         <run_address>0x5482</run_address>
         <size>0x6</size>
         <input_file_ref idref="fl-5"/>
      </object_component>
      <object_component id="oc-6de">
         <name>.data</name>
         <load_address>0x543c</load_address>
         <run_address>0x543c</run_address>
         <size>0x14</size>
         <input_file_ref idref="fl-6"/>
      </object_component>
      <object_component id="oc-64a">
         <name>.data:LcdInitMacro</name>
         <load_address>0x5376</load_address>
         <run_address>0x5376</run_address>
         <size>0x6c</size>
         <input_file_ref idref="fl-b"/>
      </object_component>
      <object_component id="oc-65d">
         <name>.data:Draw_Block_Value_Macro</name>
         <load_address>0x547c</load_address>
         <run_address>0x547c</run_address>
         <size>0x6</size>
         <input_file_ref idref="fl-b"/>
      </object_component>
      <object_component id="oc-797">
         <name>.data:Draw_Block_Address_Macro</name>
         <load_address>0x5476</load_address>
         <run_address>0x5476</run_address>
         <size>0x6</size>
         <input_file_ref idref="fl-b"/>
      </object_component>
      <object_component id="oc-660">
         <name>.data</name>
         <load_address>0x5488</load_address>
         <run_address>0x5488</run_address>
         <size>0x6</size>
         <input_file_ref idref="fl-b"/>
      </object_component>
      <object_component id="oc-3c0">
         <name>.data</name>
         <load_address>0x5494</load_address>
         <run_address>0x5494</run_address>
         <size>0x4</size>
         <input_file_ref idref="fl-f"/>
      </object_component>
      <object_component id="oc-39f">
         <name>.data</name>
         <load_address>0x5450</load_address>
         <run_address>0x5450</run_address>
         <size>0x14</size>
         <input_file_ref idref="fl-10"/>
      </object_component>
      <object_component id="oc-59d">
         <name>.data:xStatusMessage$3</name>
         <load_address>0x548e</load_address>
         <run_address>0x548e</run_address>
         <size>0x6</size>
         <input_file_ref idref="fl-10"/>
      </object_component>
      <object_component id="oc-42e">
         <name>.data</name>
         <load_address>0x5408</load_address>
         <run_address>0x5408</run_address>
         <size>0x1c</size>
         <input_file_ref idref="fl-15"/>
      </object_component>
      <object_component id="oc-73b">
         <name>.data</name>
         <load_address>0x5464</load_address>
         <run_address>0x5464</run_address>
         <size>0xa</size>
         <input_file_ref idref="fl-16"/>
      </object_component>
      <object_component id="oc-42b">
         <name>.data</name>
         <load_address>0x549c</load_address>
         <run_address>0x549c</run_address>
         <size>0x2</size>
         <input_file_ref idref="fl-17"/>
      </object_component>
      <object_component id="oc-673">
         <name>.data</name>
         <load_address>0x546e</load_address>
         <run_address>0x546e</run_address>
         <size>0x8</size>
         <input_file_ref idref="fl-19"/>
      </object_component>
      <object_component id="oc-318">
         <name>.stack</name>
         <uninitialized>true</uninitialized>
         <run_address>0x5ad4</run_address>
         <size>0x4</size>
         <input_file_ref idref="fl-52"/>
      </object_component>
      <object_component id="oc-92a">
         <name>.stack</name>
         <uninitialized>true</uninitialized>
         <run_address>0x5ad4</run_address>
         <size>0x0</size>
      </object_component>
      <object_component id="oc-5b6">
         <name>.text:xQueueGenericSend</name>
         <load_address>0x10000</load_address>
         <run_address>0x10000</run_address>
         <size>0x182</size>
         <input_file_ref idref="fl-14"/>
      </object_component>
      <object_component id="oc-665">
         <name>.text:halLcdPrint</name>
         <load_address>0x10182</load_address>
         <run_address>0x10182</run_address>
         <size>0x17e</size>
         <input_file_ref idref="fl-b"/>
      </object_component>
      <object_component id="oc-7e5">
         <name>.text:xQueueReceive</name>
         <load_address>0x10300</load_address>
         <run_address>0x10300</run_address>
         <size>0x16e</size>
         <input_file_ref idref="fl-14"/>
      </object_component>
      <object_component id="oc-82d">
         <name>.text:prvProcessReceivedCommands</name>
         <load_address>0x1046e</load_address>
         <run_address>0x1046e</run_address>
         <size>0xfc</size>
         <input_file_ref idref="fl-16"/>
      </object_component>
      <object_component id="oc-6c9">
         <name>.text:prvInitialiseNewTask</name>
         <load_address>0x1056a</load_address>
         <run_address>0x1056a</run_address>
         <size>0xfa</size>
         <input_file_ref idref="fl-15"/>
      </object_component>
      <object_component id="oc-431">
         <name>.text:xTaskIncrementTick</name>
         <load_address>0x10664</load_address>
         <run_address>0x10664</run_address>
         <size>0xf6</size>
         <input_file_ref idref="fl-15"/>
      </object_component>
      <object_component id="oc-789">
         <name>.text:Init_FLL</name>
         <load_address>0x1075a</load_address>
         <run_address>0x1075a</run_address>
         <size>0xd8</size>
         <input_file_ref idref="fl-8"/>
      </object_component>
      <object_component id="oc-77c">
         <name>.text:SetVCoreUp</name>
         <load_address>0x10832</load_address>
         <run_address>0x10832</run_address>
         <size>0xd4</size>
         <input_file_ref idref="fl-7"/>
      </object_component>
      <object_component id="oc-679">
         <name>.text:xTaskResumeAll</name>
         <load_address>0x10906</load_address>
         <run_address>0x10906</run_address>
         <size>0xd2</size>
         <input_file_ref idref="fl-15"/>
      </object_component>
      <object_component id="oc-437">
         <name>.text:vTaskSwitchContext</name>
         <load_address>0x109d8</load_address>
         <run_address>0x109d8</run_address>
         <size>0xca</size>
         <input_file_ref idref="fl-15"/>
      </object_component>
      <object_component id="oc-55b">
         <name>.text:halLcdClearScreen</name>
         <load_address>0x10aa2</load_address>
         <run_address>0x10aa2</run_address>
         <size>0xc4</size>
         <input_file_ref idref="fl-b"/>
      </object_component>
      <object_component id="oc-687">
         <name>.text:xQueueGenericReset</name>
         <load_address>0x10b66</load_address>
         <run_address>0x10b66</run_address>
         <size>0xaa</size>
         <input_file_ref idref="fl-14"/>
      </object_component>
      <object_component id="oc-3af">
         <name>.text</name>
         <load_address>0x10c10</load_address>
         <run_address>0x10c10</run_address>
         <size>0xa6</size>
         <input_file_ref idref="fl-18"/>
      </object_component>
      <object_component id="oc-70d">
         <name>.text:prvUnlockQueue</name>
         <load_address>0x10cb6</load_address>
         <run_address>0x10cb6</run_address>
         <size>0xa0</size>
         <input_file_ref idref="fl-14"/>
      </object_component>
      <object_component id="oc-40e">
         <name>.text:prvCopyDataToQueue</name>
         <load_address>0x10d56</load_address>
         <run_address>0x10d56</run_address>
         <size>0x9e</size>
         <input_file_ref idref="fl-14"/>
      </object_component>
      <object_component id="oc-782">
         <name>.text:SetVCoreDown</name>
         <load_address>0x10df4</load_address>
         <run_address>0x10df4</run_address>
         <size>0x9a</size>
         <input_file_ref idref="fl-7"/>
      </object_component>
      <object_component id="oc-54f">
         <name>.text:halLcdInit</name>
         <load_address>0x10e8e</load_address>
         <run_address>0x10e8e</run_address>
         <size>0x98</size>
         <input_file_ref idref="fl-b"/>
      </object_component>
      <object_component id="oc-6cf">
         <name>.text:prvAddNewTaskToReadyList</name>
         <load_address>0x10f26</load_address>
         <run_address>0x10f26</run_address>
         <size>0x96</size>
         <input_file_ref idref="fl-15"/>
      </object_component>
      <object_component id="oc-480">
         <name>.text:vCheckTimerCallback</name>
         <load_address>0x10fbc</load_address>
         <run_address>0x10fbc</run_address>
         <size>0x8e</size>
         <input_file_ref idref="fl-10"/>
      </object_component>
      <object_component id="oc-58a">
         <name>.text:xTaskCreate</name>
         <load_address>0x1104a</load_address>
         <run_address>0x1104a</run_address>
         <size>0x8a</size>
         <input_file_ref idref="fl-15"/>
      </object_component>
      <object_component id="oc-8a5">
         <name>.text:prvSwitchTimerLists</name>
         <load_address>0x110d4</load_address>
         <run_address>0x110d4</run_address>
         <size>0x86</size>
         <input_file_ref idref="fl-16"/>
      </object_component>
      <object_component id="oc-56d">
         <name>.text:pvPortMalloc</name>
         <load_address>0x1115a</load_address>
         <run_address>0x1115a</run_address>
         <size>0x82</size>
         <input_file_ref idref="fl-19"/>
      </object_component>
      <object_component id="oc-3a9">
         <name>.text:xQueueGenericSendFromISR</name>
         <load_address>0x111dc</load_address>
         <run_address>0x111dc</run_address>
         <size>0x82</size>
         <input_file_ref idref="fl-14"/>
      </object_component>
      <object_component id="oc-4d0">
         <name>.text:xTaskPriorityDisinherit</name>
         <load_address>0x1125e</load_address>
         <run_address>0x1125e</run_address>
         <size>0x82</size>
         <input_file_ref idref="fl-15"/>
      </object_component>
      <object_component id="oc-57d">
         <name>.text:xSerialPortInitMinimal</name>
         <load_address>0x112e0</load_address>
         <run_address>0x112e0</run_address>
         <size>0x80</size>
         <input_file_ref idref="fl-12"/>
      </object_component>
      <object_component id="oc-414">
         <name>.text:xTaskRemoveFromEventList</name>
         <load_address>0x11360</load_address>
         <run_address>0x11360</run_address>
         <size>0x80</size>
         <input_file_ref idref="fl-15"/>
      </object_component>
      <object_component id="oc-590">
         <name>.text:vComRxTask</name>
         <load_address>0x113e0</load_address>
         <run_address>0x113e0</run_address>
         <size>0x7e</size>
         <input_file_ref idref="fl-4"/>
      </object_component>
      <object_component id="oc-53d">
         <name>.text:hal430SetSystemClock</name>
         <load_address>0x1145e</load_address>
         <run_address>0x1145e</run_address>
         <size>0x7c</size>
         <input_file_ref idref="fl-9"/>
      </object_component>
      <object_component id="oc-4b3">
         <name>.text:__TI_auto_init_nobinit_nopinit_hold_wdt:__TI_auto_init_nobinit_nopinit_hold_wdt</name>
         <load_address>0x114da</load_address>
         <run_address>0x114da</run_address>
         <size>0x78</size>
         <input_file_ref idref="fl-53"/>
      </object_component>
      <object_component id="oc-6d">
         <name>.text:decompress:lzss:__TI_decompress_lzss</name>
         <load_address>0x11552</load_address>
         <run_address>0x11552</run_address>
         <size>0x76</size>
         <input_file_ref idref="fl-5a"/>
      </object_component>
      <object_component id="oc-892">
         <name>.text:xTimerGenericCommand</name>
         <load_address>0x115c8</load_address>
         <run_address>0x115c8</run_address>
         <size>0x76</size>
         <input_file_ref idref="fl-16"/>
      </object_component>
      <object_component id="oc-707">
         <name>.text:xTaskCheckForTimeOut</name>
         <load_address>0x1163e</load_address>
         <run_address>0x1163e</run_address>
         <size>0x74</size>
         <input_file_ref idref="fl-15"/>
      </object_component>
      <object_component id="oc-3b9">
         <name>.text:xQueueReceiveFromISR</name>
         <load_address>0x116b2</load_address>
         <run_address>0x116b2</run_address>
         <size>0x70</size>
         <input_file_ref idref="fl-14"/>
      </object_component>
      <object_component id="oc-7c9">
         <name>.text:prvAddCurrentTaskToDelayedList</name>
         <load_address>0x11722</load_address>
         <run_address>0x11722</run_address>
         <size>0x6e</size>
         <input_file_ref idref="fl-15"/>
      </object_component>
      <object_component id="oc-853">
         <name>.text:halLcdDrawCurrentBlock</name>
         <load_address>0x11790</load_address>
         <run_address>0x11790</run_address>
         <size>0x6c</size>
         <input_file_ref idref="fl-b"/>
      </object_component>
      <object_component id="oc-827">
         <name>.text:prvProcessTimerOrBlockTask</name>
         <load_address>0x117fc</load_address>
         <run_address>0x117fc</run_address>
         <size>0x68</size>
         <input_file_ref idref="fl-16"/>
      </object_component>
      <object_component id="oc-885">
         <name>.text:prvProcessExpiredTimer</name>
         <load_address>0x11864</load_address>
         <run_address>0x11864</run_address>
         <size>0x66</size>
         <input_file_ref idref="fl-16"/>
      </object_component>
      <object_component id="oc-47a">
         <name>.text:vAltStartComTestTasks</name>
         <load_address>0x118ca</load_address>
         <run_address>0x118ca</run_address>
         <size>0x5c</size>
         <input_file_ref idref="fl-4"/>
      </object_component>
      <object_component id="oc-583">
         <name>.text:vComTxTask</name>
         <load_address>0x11926</load_address>
         <run_address>0x11926</run_address>
         <size>0x5c</size>
         <input_file_ref idref="fl-4"/>
      </object_component>
      <object_component id="oc-5b0">
         <name>.text:xAreTimerDemoTasksStillRunning</name>
         <load_address>0x11982</load_address>
         <run_address>0x11982</run_address>
         <size>0x5a</size>
         <input_file_ref idref="fl-3"/>
      </object_component>
      <object_component id="oc-531">
         <name>.text:halBoardInit</name>
         <load_address>0x119dc</load_address>
         <run_address>0x119dc</run_address>
         <size>0x58</size>
         <input_file_ref idref="fl-9"/>
      </object_component>
      <object_component id="oc-720">
         <name>.text:prvCheckForValidListAndQueue</name>
         <load_address>0x11a34</load_address>
         <run_address>0x11a34</run_address>
         <size>0x58</size>
         <input_file_ref idref="fl-16"/>
      </object_component>
      <object_component id="oc-630">
         <name>.text</name>
         <load_address>0x11a8c</load_address>
         <run_address>0x11a8c</run_address>
         <size>0x58</size>
         <input_file_ref idref="fl-36"/>
      </object_component>
      <object_component id="oc-6a5">
         <name>.text:vParTestToggleLED</name>
         <load_address>0x11ae4</load_address>
         <run_address>0x11ae4</run_address>
         <size>0x56</size>
         <input_file_ref idref="fl-d"/>
      </object_component>
      <object_component id="oc-488">
         <name>.text:vTaskStartScheduler</name>
         <load_address>0x11b3a</load_address>
         <run_address>0x11b3a</run_address>
         <size>0x56</size>
         <input_file_ref idref="fl-15"/>
      </object_component>
      <object_component id="oc-3d3">
         <name>.text:main</name>
         <load_address>0x11b90</load_address>
         <run_address>0x11b90</run_address>
         <size>0x54</size>
         <input_file_ref idref="fl-10"/>
      </object_component>
      <object_component id="oc-7de">
         <name>.text:prvInitialiseTaskLists</name>
         <load_address>0x11be4</load_address>
         <run_address>0x11be4</run_address>
         <size>0x54</size>
         <input_file_ref idref="fl-15"/>
      </object_component>
      <object_component id="oc-46e">
         <name>.text:prvSetupHardware</name>
         <load_address>0x11c38</load_address>
         <run_address>0x11c38</run_address>
         <size>0x54</size>
         <input_file_ref idref="fl-10"/>
      </object_component>
      <object_component id="oc-474">
         <name>.text:xQueueGenericCreate</name>
         <load_address>0x11c8c</load_address>
         <run_address>0x11c8c</run_address>
         <size>0x54</size>
         <input_file_ref idref="fl-14"/>
      </object_component>
      <object_component id="oc-6ab">
         <name>.text:vParTestSetLED</name>
         <load_address>0x11ce0</load_address>
         <run_address>0x11ce0</run_address>
         <size>0x52</size>
         <input_file_ref idref="fl-d"/>
      </object_component>
      <object_component id="oc-5bc">
         <name>.text:prvInitialiseNewTimer</name>
         <load_address>0x11d32</load_address>
         <run_address>0x11d32</run_address>
         <size>0x4e</size>
         <input_file_ref idref="fl-16"/>
      </object_component>
      <object_component id="oc-87f">
         <name>.text:vQueueWaitForMessageRestricted</name>
         <load_address>0x11d80</load_address>
         <run_address>0x11d80</run_address>
         <size>0x4e</size>
         <input_file_ref idref="fl-14"/>
      </object_component>
      <object_component id="oc-5d0">
         <name>.text:xTimerCreateTimerTask</name>
         <load_address>0x11dce</load_address>
         <run_address>0x11dce</run_address>
         <size>0x4e</size>
         <input_file_ref idref="fl-16"/>
      </object_component>
      <object_component id="oc-88c">
         <name>.text:prvInsertTimerInActiveList</name>
         <load_address>0x11e1c</load_address>
         <run_address>0x11e1c</run_address>
         <size>0x4c</size>
         <input_file_ref idref="fl-16"/>
      </object_component>
      <object_component id="oc-5a4">
         <name>.text:xAreGenericQueueTasksStillRunning</name>
         <load_address>0x11e68</load_address>
         <run_address>0x11e68</run_address>
         <size>0x4c</size>
         <input_file_ref idref="fl-2"/>
      </object_component>
      <object_component id="oc-64d">
         <name>.text:halLcdSendCommand</name>
         <load_address>0x11eb4</load_address>
         <run_address>0x11eb4</run_address>
         <size>0x48</size>
         <input_file_ref idref="fl-b"/>
      </object_component>
      <object_component id="oc-63b">
         <name>.text:Init_FLL_Settle</name>
         <load_address>0x11efc</load_address>
         <run_address>0x11efc</run_address>
         <size>0x46</size>
         <input_file_ref idref="fl-8"/>
      </object_component>
      <object_component id="oc-482">
         <name>.text:xTimerCreate</name>
         <load_address>0x11f42</load_address>
         <run_address>0x11f42</run_address>
         <size>0x44</size>
         <input_file_ref idref="fl-16"/>
      </object_component>
      <object_component id="oc-59e">
         <name>.text:xAreDynamicPriorityTasksStillRunning</name>
         <load_address>0x11f86</load_address>
         <run_address>0x11f86</run_address>
         <size>0x42</size>
         <input_file_ref idref="fl-6"/>
      </object_component>
      <object_component id="oc-80a">
         <name>.text:vListInsert</name>
         <load_address>0x11fc8</load_address>
         <run_address>0x11fc8</run_address>
         <size>0x40</size>
         <input_file_ref idref="fl-13"/>
      </object_component>
      <object_component id="oc-5e9">
         <name>.text:l_asr_const</name>
         <load_address>0x12008</load_address>
         <run_address>0x12008</run_address>
         <size>0x3e</size>
         <input_file_ref idref="fl-61"/>
      </object_component>
      <object_component id="oc-691">
         <name>.text:l_lsr_const</name>
         <load_address>0x12046</load_address>
         <run_address>0x12046</run_address>
         <size>0x3e</size>
         <input_file_ref idref="fl-4b"/>
      </object_component>
      <object_component id="oc-327">
         <name>.text:memcpy</name>
         <load_address>0x12084</load_address>
         <run_address>0x12084</run_address>
         <size>0x3c</size>
         <input_file_ref idref="fl-5e"/>
      </object_component>
      <object_component id="oc-635">
         <name>.text:SetVCore</name>
         <load_address>0x120c0</load_address>
         <run_address>0x120c0</run_address>
         <size>0x3a</size>
         <input_file_ref idref="fl-7"/>
      </object_component>
      <object_component id="oc-4d7">
         <name>.text:uxListRemove</name>
         <load_address>0x120fa</load_address>
         <run_address>0x120fa</run_address>
         <size>0x3a</size>
         <input_file_ref idref="fl-13"/>
      </object_component>
      <object_component id="oc-644">
         <name>.text:halLcdActive</name>
         <load_address>0x12134</load_address>
         <run_address>0x12134</run_address>
         <size>0x34</size>
         <input_file_ref idref="fl-b"/>
      </object_component>
      <object_component id="oc-657">
         <name>.text:halLcdSetAddress</name>
         <load_address>0x12168</load_address>
         <run_address>0x12168</run_address>
         <size>0x34</size>
         <input_file_ref idref="fl-b"/>
      </object_component>
      <object_component id="oc-461">
         <name>.text:prvCopyDataFromQueue</name>
         <load_address>0x1219c</load_address>
         <run_address>0x1219c</run_address>
         <size>0x34</size>
         <input_file_ref idref="fl-14"/>
      </object_component>
      <object_component id="oc-8ab">
         <name>.text:vTaskPlaceOnEventListRestricted</name>
         <load_address>0x121d0</load_address>
         <run_address>0x121d0</run_address>
         <size>0x34</size>
         <input_file_ref idref="fl-15"/>
      </object_component>
      <object_component id="oc-6bc">
         <name>.text:vTaskDelay</name>
         <load_address>0x12204</load_address>
         <run_address>0x12204</run_address>
         <size>0x30</size>
         <input_file_ref idref="fl-15"/>
      </object_component>
      <object_component id="oc-5aa">
         <name>.text:xAreCountingSemaphoreTasksStillRunning</name>
         <load_address>0x12234</load_address>
         <run_address>0x12234</run_address>
         <size>0x30</size>
         <input_file_ref idref="fl-5"/>
      </object_component>
      <object_component id="oc-713">
         <name>.text:prvIsQueueFull</name>
         <load_address>0x12264</load_address>
         <run_address>0x12264</run_address>
         <size>0x2e</size>
         <input_file_ref idref="fl-14"/>
      </object_component>
      <object_component id="oc-869">
         <name>.text:prvIsQueueEmpty</name>
         <load_address>0x12292</load_address>
         <run_address>0x12292</run_address>
         <size>0x2c</size>
         <input_file_ref idref="fl-14"/>
      </object_component>
      <object_component id="oc-719">
         <name>.text:vTaskPlaceOnEventList</name>
         <load_address>0x122be</load_address>
         <run_address>0x122be</run_address>
         <size>0x2c</size>
         <input_file_ref idref="fl-15"/>
      </object_component>
      <object_component id="oc-537">
         <name>.text:LFXT_Start</name>
         <load_address>0x122ea</load_address>
         <run_address>0x122ea</run_address>
         <size>0x28</size>
         <input_file_ref idref="fl-8"/>
      </object_component>
      <object_component id="oc-821">
         <name>.text:prvGetNextExpireTime</name>
         <load_address>0x12312</load_address>
         <run_address>0x12312</run_address>
         <size>0x28</size>
         <input_file_ref idref="fl-16"/>
      </object_component>
      <object_component id="oc-87d">
         <name>.text:prvSampleTimeNow</name>
         <load_address>0x1233a</load_address>
         <run_address>0x1233a</run_address>
         <size>0x28</size>
         <input_file_ref idref="fl-16"/>
      </object_component>
      <object_component id="oc-7b8">
         <name>.text:vListInitialise</name>
         <load_address>0x12362</load_address>
         <run_address>0x12362</run_address>
         <size>0x28</size>
         <input_file_ref idref="fl-13"/>
      </object_component>
      <object_component id="oc-43d">
         <name>.text:vApplicationSetupTimerInterrupt</name>
         <load_address>0x1238a</load_address>
         <run_address>0x1238a</run_address>
         <size>0x26</size>
         <input_file_ref idref="fl-10"/>
      </object_component>
      <object_component id="oc-514">
         <name>.text:vApplicationTickHook</name>
         <load_address>0x123b0</load_address>
         <run_address>0x123b0</run_address>
         <size>0x26</size>
         <input_file_ref idref="fl-10"/>
      </object_component>
      <object_component id="oc-4e0">
         <name>.text:vListInsertEnd</name>
         <load_address>0x123d6</load_address>
         <run_address>0x123d6</run_address>
         <size>0x26</size>
         <input_file_ref idref="fl-13"/>
      </object_component>
      <object_component id="oc-357">
         <name>.text:decompress:ZI:__TI_zero_init</name>
         <load_address>0x123fc</load_address>
         <run_address>0x123fc</run_address>
         <size>0x24</size>
         <input_file_ref idref="fl-54"/>
      </object_component>
      <object_component id="oc-561">
         <name>.text:halLcdPrintLine</name>
         <load_address>0x12420</load_address>
         <run_address>0x12420</run_address>
         <size>0x24</size>
         <input_file_ref idref="fl-b"/>
      </object_component>
      <object_component id="oc-50e">
         <name>.text:prvResetNextTaskUnblockTime</name>
         <load_address>0x12444</load_address>
         <run_address>0x12444</run_address>
         <size>0x24</size>
         <input_file_ref idref="fl-15"/>
      </object_component>
      <object_component id="oc-7d7">
         <name>.text:pxPortInitialiseStack</name>
         <load_address>0x12468</load_address>
         <run_address>0x12468</run_address>
         <size>0x24</size>
         <input_file_ref idref="fl-17"/>
      </object_component>
      <object_component id="oc-6b1">
         <name>.text:xTaskGetTickCount</name>
         <load_address>0x1248c</load_address>
         <run_address>0x1248c</run_address>
         <size>0x24</size>
         <input_file_ref idref="fl-15"/>
      </object_component>
      <object_component id="oc-555">
         <name>.text:halLcdSetContrast</name>
         <load_address>0x124b0</load_address>
         <run_address>0x124b0</run_address>
         <size>0x22</size>
         <input_file_ref idref="fl-b"/>
      </object_component>
      <object_component id="oc-7d1">
         <name>.text:memset</name>
         <load_address>0x124d2</load_address>
         <run_address>0x124d2</run_address>
         <size>0x20</size>
         <input_file_ref idref="fl-5f"/>
      </object_component>
      <object_component id="oc-573">
         <name>.text:prvInitialiseNewQueue</name>
         <load_address>0x124f2</load_address>
         <run_address>0x124f2</run_address>
         <size>0x20</size>
         <input_file_ref idref="fl-14"/>
      </object_component>
      <object_component id="oc-69f">
         <name>.text:xSerialPutChar</name>
         <load_address>0x12512</load_address>
         <run_address>0x12512</run_address>
         <size>0x1a</size>
         <input_file_ref idref="fl-12"/>
      </object_component>
      <object_component id="oc-568">
         <name>.text</name>
         <load_address>0x1252c</load_address>
         <run_address>0x1252c</run_address>
         <size>0x18</size>
         <input_file_ref idref="fl-4d"/>
      </object_component>
      <object_component id="oc-6d6">
         <name>.text:xSerialGetChar</name>
         <load_address>0x12544</load_address>
         <run_address>0x12544</run_address>
         <size>0x18</size>
         <input_file_ref idref="fl-12"/>
      </object_component>
      <object_component id="oc-6fb">
         <name>.text:xTaskGetSchedulerState</name>
         <load_address>0x1255c</load_address>
         <run_address>0x1255c</run_address>
         <size>0x18</size>
         <input_file_ref idref="fl-15"/>
      </object_component>
      <object_component id="oc-73">
         <name>.text:decompress:none:__TI_decompress_none</name>
         <load_address>0x12574</load_address>
         <run_address>0x12574</run_address>
         <size>0x16</size>
         <input_file_ref idref="fl-59"/>
      </object_component>
      <object_component id="oc-741">
         <name>.text:prvTimerTask</name>
         <load_address>0x1258a</load_address>
         <run_address>0x1258a</run_address>
         <size>0x16</size>
         <input_file_ref idref="fl-16"/>
      </object_component>
      <object_component id="oc-6b7">
         <name>.text</name>
         <load_address>0x125a0</load_address>
         <run_address>0x125a0</run_address>
         <size>0x16</size>
         <input_file_ref idref="fl-35"/>
      </object_component>
      <object_component id="oc-543">
         <name>.text:halButtonsInit</name>
         <load_address>0x125b6</load_address>
         <run_address>0x125b6</run_address>
         <size>0x12</size>
         <input_file_ref idref="fl-a"/>
      </object_component>
      <object_component id="oc-5c9">
         <name>.text:prvIdleTask</name>
         <load_address>0x125c8</load_address>
         <run_address>0x125c8</run_address>
         <size>0x12</size>
         <input_file_ref idref="fl-15"/>
      </object_component>
      <object_component id="oc-597">
         <name>.text:xAreComTestTasksStillRunning</name>
         <load_address>0x125da</load_address>
         <run_address>0x125da</run_address>
         <size>0x12</size>
         <input_file_ref idref="fl-4"/>
      </object_component>
      <object_component id="oc-549">
         <name>.text:halButtonsInterruptEnable</name>
         <load_address>0x125ec</load_address>
         <run_address>0x125ec</run_address>
         <size>0xe</size>
         <input_file_ref idref="fl-a"/>
      </object_component>
      <object_component id="oc-7a8">
         <name>.text:halLcdDrawBlock</name>
         <load_address>0x125fa</load_address>
         <run_address>0x125fa</run_address>
         <size>0xe</size>
         <input_file_ref idref="fl-b"/>
      </object_component>
      <object_component id="oc-6c3">
         <name>.text:vPortFree</name>
         <load_address>0x12608</load_address>
         <run_address>0x12608</run_address>
         <size>0xe</size>
         <input_file_ref idref="fl-19"/>
      </object_component>
      <object_component id="oc-701">
         <name>.text:vTaskInternalSetTimeOutState</name>
         <load_address>0x12616</load_address>
         <run_address>0x12616</run_address>
         <size>0xe</size>
         <input_file_ref idref="fl-15"/>
      </object_component>
      <object_component id="oc-734">
         <name>.text:vApplicationIdleHook</name>
         <load_address>0x12624</load_address>
         <run_address>0x12624</run_address>
         <size>0xa</size>
         <input_file_ref idref="fl-10"/>
      </object_component>
      <object_component id="oc-67f">
         <name>.text:vApplicationMallocFailedHook</name>
         <load_address>0x1262e</load_address>
         <run_address>0x1262e</run_address>
         <size>0xa</size>
         <input_file_ref idref="fl-10"/>
      </object_component>
      <object_component id="oc-517">
         <name>.text:vApplicationStackOverflowHook</name>
         <load_address>0x12638</load_address>
         <run_address>0x12638</run_address>
         <size>0xa</size>
         <input_file_ref idref="fl-10"/>
      </object_component>
      <object_component id="oc-726">
         <name>.text:vListInitialiseItem</name>
         <load_address>0x12642</load_address>
         <run_address>0x12642</run_address>
         <size>0x8</size>
         <input_file_ref idref="fl-13"/>
      </object_component>
      <object_component id="oc-48f">
         <name>.text:abort</name>
         <load_address>0x1264a</load_address>
         <run_address>0x1264a</run_address>
         <size>0x6</size>
         <input_file_ref idref="fl-5b"/>
      </object_component>
      <object_component id="oc-802">
         <name>.text:vTaskMissedYield</name>
         <load_address>0x12650</load_address>
         <run_address>0x12650</run_address>
         <size>0x6</size>
         <input_file_ref idref="fl-15"/>
      </object_component>
      <object_component id="oc-66d">
         <name>.text:vTaskSuspendAll</name>
         <load_address>0x12656</load_address>
         <run_address>0x12656</run_address>
         <size>0x6</size>
         <input_file_ref idref="fl-15"/>
      </object_component>
      <object_component id="oc-3cd">
         <name>.text:_system_pre_init</name>
         <load_address>0x1265c</load_address>
         <run_address>0x1265c</run_address>
         <size>0x4</size>
         <input_file_ref idref="fl-57"/>
      </object_component>
      <object_component id="oc-5ee">
         <name>.text:_system_post_cinit</name>
         <load_address>0x12660</load_address>
         <run_address>0x12660</run_address>
         <size>0x2</size>
         <input_file_ref idref="fl-58"/>
      </object_component>
      <object_component id="oc-33f">
         <name>.text:_isr:prvUSCI_A1_ISR</name>
         <load_address>0x5c00</load_address>
         <run_address>0x5c00</run_address>
         <size>0x64</size>
         <input_file_ref idref="fl-12"/>
      </object_component>
      <object_component id="oc-339">
         <name>.text:_isr:prvSelectButtonInterrupt</name>
         <load_address>0x5c64</load_address>
         <run_address>0x5c64</run_address>
         <size>0x2c</size>
         <input_file_ref idref="fl-10"/>
      </object_component>
      <object_component id="oc-363">
         <name>.text:_isr:_c_int00_noargs</name>
         <load_address>0x5c90</load_address>
         <run_address>0x5c90</run_address>
         <size>0x1c</size>
         <input_file_ref idref="fl-52"/>
      </object_component>
      <object_component id="oc-34b">
         <name>.text:_isr:vTickISREntry</name>
         <load_address>0x5cac</load_address>
         <run_address>0x5cac</run_address>
         <size>0x10</size>
         <input_file_ref idref="fl-17"/>
      </object_component>
      <object_component id="oc-345">
         <name>.text:_isr:prvRunTimeStatsOverflowISR</name>
         <load_address>0x5cbc</load_address>
         <run_address>0x5cbc</run_address>
         <size>0xa</size>
         <input_file_ref idref="fl-f"/>
      </object_component>
      <object_component id="oc-334">
         <name>.text:_isr:__TI_ISR_TRAP</name>
         <load_address>0x5cc6</load_address>
         <run_address>0x5cc6</run_address>
         <size>0x8</size>
         <input_file_ref idref="fl-49"/>
      </object_component>
      <object_component id="oc-929">
         <name>.cinit..data.load</name>
         <load_address>0x6e54</load_address>
         <run_address>0x6e54</run_address>
         <size>0x7f</size>
      </object_component>
      <object_component id="oc-926">
         <name>__TI_handler_table</name>
         <load_address>0x6ed4</load_address>
         <run_address>0x6ed4</run_address>
         <size>0xc</size>
      </object_component>
      <object_component id="oc-928">
         <name>.cinit..bss.load</name>
         <load_address>0x6ee0</load_address>
         <run_address>0x6ee0</run_address>
         <size>0x6</size>
      </object_component>
      <object_component id="oc-927">
         <name>__TI_cinit_table</name>
         <load_address>0x6ee6</load_address>
         <run_address>0x6ee6</run_address>
         <size>0x10</size>
      </object_component>
      <object_component id="oc-7a5">
         <name>.const:GrayScale_fonts</name>
         <load_address>0x5cce</load_address>
         <run_address>0x5cce</run_address>
         <size>0x854</size>
         <input_file_ref idref="fl-c"/>
      </object_component>
      <object_component id="oc-7a2">
         <name>.const:fonts</name>
         <load_address>0x6522</load_address>
         <run_address>0x6522</run_address>
         <size>0x854</size>
         <input_file_ref idref="fl-c"/>
      </object_component>
      <object_component id="oc-79f">
         <name>.const:.string:fonts_lookup</name>
         <load_address>0x6d76</load_address>
         <run_address>0x6d76</run_address>
         <size>0x89</size>
         <input_file_ref idref="fl-c"/>
      </object_component>
      <object_component id="oc-40d">
         <name>.const:.string</name>
         <load_address>0x6e00</load_address>
         <run_address>0x6e00</run_address>
         <size>0x30</size>
         <input_file_ref idref="fl-10"/>
      </object_component>
      <object_component id="oc-589">
         <name>.const:.string</name>
         <load_address>0x6e30</load_address>
         <run_address>0x6e30</run_address>
         <size>0xc</size>
         <input_file_ref idref="fl-4"/>
      </object_component>
      <object_component id="oc-747">
         <name>.const:.string</name>
         <load_address>0x6e3c</load_address>
         <run_address>0x6e3c</run_address>
         <size>0x8</size>
         <input_file_ref idref="fl-16"/>
      </object_component>
      <object_component id="oc-5cf">
         <name>.const:.string</name>
         <load_address>0x6e44</load_address>
         <run_address>0x6e44</run_address>
         <size>0x6</size>
         <input_file_ref idref="fl-15"/>
      </object_component>
      <object_component id="oc-3a8">
         <name>.const:xMessage$5</name>
         <load_address>0x6e4a</load_address>
         <run_address>0x6e4a</run_address>
         <size>0x6</size>
         <input_file_ref idref="fl-10"/>
      </object_component>
      <object_component id="oc-69c">
         <name>.const</name>
         <load_address>0x6e50</load_address>
         <run_address>0x6e50</run_address>
         <size>0x4</size>
         <input_file_ref idref="fl-4"/>
      </object_component>
      <object_component id="oc-8b8">
         <name>.binit</name>
         <load_address>0x5c00</load_address>
         <run_address>0x5c00</run_address>
         <size>0x0</size>
      </object_component>
      <object_component id="oc-79">
         <name>.int41</name>
         <load_address>0xffd2</load_address>
         <run_address>0xffd2</run_address>
         <size>0x2</size>
         <input_file_ref idref="fl-37"/>
      </object_component>
      <object_component id="oc-7a">
         <name>.int42</name>
         <load_address>0xffd4</load_address>
         <run_address>0xffd4</run_address>
         <size>0x2</size>
         <input_file_ref idref="fl-10"/>
      </object_component>
      <object_component id="oc-7b">
         <name>.int43</name>
         <load_address>0xffd6</load_address>
         <run_address>0xffd6</run_address>
         <size>0x2</size>
         <input_file_ref idref="fl-38"/>
      </object_component>
      <object_component id="oc-7c">
         <name>.int44</name>
         <load_address>0xffd8</load_address>
         <run_address>0xffd8</run_address>
         <size>0x2</size>
         <input_file_ref idref="fl-39"/>
      </object_component>
      <object_component id="oc-7d">
         <name>.int45</name>
         <load_address>0xffda</load_address>
         <run_address>0xffda</run_address>
         <size>0x2</size>
         <input_file_ref idref="fl-3a"/>
      </object_component>
      <object_component id="oc-7e">
         <name>.int46</name>
         <load_address>0xffdc</load_address>
         <run_address>0xffdc</run_address>
         <size>0x2</size>
         <input_file_ref idref="fl-12"/>
      </object_component>
      <object_component id="oc-7f">
         <name>.int47</name>
         <load_address>0xffde</load_address>
         <run_address>0xffde</run_address>
         <size>0x2</size>
         <input_file_ref idref="fl-3b"/>
      </object_component>
      <object_component id="oc-80">
         <name>.int48</name>
         <load_address>0xffe0</load_address>
         <run_address>0xffe0</run_address>
         <size>0x2</size>
         <input_file_ref idref="fl-3c"/>
      </object_component>
      <object_component id="oc-81">
         <name>.int49</name>
         <load_address>0xffe2</load_address>
         <run_address>0xffe2</run_address>
         <size>0x2</size>
         <input_file_ref idref="fl-f"/>
      </object_component>
      <object_component id="oc-82">
         <name>.int50</name>
         <load_address>0xffe4</load_address>
         <run_address>0xffe4</run_address>
         <size>0x2</size>
         <input_file_ref idref="fl-3d"/>
      </object_component>
      <object_component id="oc-83">
         <name>.int51</name>
         <load_address>0xffe6</load_address>
         <run_address>0xffe6</run_address>
         <size>0x2</size>
         <input_file_ref idref="fl-3e"/>
      </object_component>
      <object_component id="oc-84">
         <name>.int52</name>
         <load_address>0xffe8</load_address>
         <run_address>0xffe8</run_address>
         <size>0x2</size>
         <input_file_ref idref="fl-3f"/>
      </object_component>
      <object_component id="oc-85">
         <name>.int53</name>
         <load_address>0xffea</load_address>
         <run_address>0xffea</run_address>
         <size>0x2</size>
         <input_file_ref idref="fl-40"/>
      </object_component>
      <object_component id="oc-86">
         <name>.int54</name>
         <load_address>0xffec</load_address>
         <run_address>0xffec</run_address>
         <size>0x2</size>
         <input_file_ref idref="fl-17"/>
      </object_component>
      <object_component id="oc-87">
         <name>.int55</name>
         <load_address>0xffee</load_address>
         <run_address>0xffee</run_address>
         <size>0x2</size>
         <input_file_ref idref="fl-41"/>
      </object_component>
      <object_component id="oc-88">
         <name>.int56</name>
         <load_address>0xfff0</load_address>
         <run_address>0xfff0</run_address>
         <size>0x2</size>
         <input_file_ref idref="fl-42"/>
      </object_component>
      <object_component id="oc-89">
         <name>.int57</name>
         <load_address>0xfff2</load_address>
         <run_address>0xfff2</run_address>
         <size>0x2</size>
         <input_file_ref idref="fl-43"/>
      </object_component>
      <object_component id="oc-8a">
         <name>.int58</name>
         <load_address>0xfff4</load_address>
         <run_address>0xfff4</run_address>
         <size>0x2</size>
         <input_file_ref idref="fl-44"/>
      </object_component>
      <object_component id="oc-8b">
         <name>.int59</name>
         <load_address>0xfff6</load_address>
         <run_address>0xfff6</run_address>
         <size>0x2</size>
         <input_file_ref idref="fl-45"/>
      </object_component>
      <object_component id="oc-8c">
         <name>.int60</name>
         <load_address>0xfff8</load_address>
         <run_address>0xfff8</run_address>
         <size>0x2</size>
         <input_file_ref idref="fl-46"/>
      </object_component>
      <object_component id="oc-8d">
         <name>.int61</name>
         <load_address>0xfffa</load_address>
         <run_address>0xfffa</run_address>
         <size>0x2</size>
         <input_file_ref idref="fl-47"/>
      </object_component>
      <object_component id="oc-8e">
         <name>.int62</name>
         <load_address>0xfffc</load_address>
         <run_address>0xfffc</run_address>
         <size>0x2</size>
         <input_file_ref idref="fl-48"/>
      </object_component>
      <object_component id="oc-31b">
         <name>.reset</name>
         <load_address>0xfffe</load_address>
         <run_address>0xfffe</run_address>
         <size>0x2</size>
         <input_file_ref idref="fl-52"/>
      </object_component>
      <object_component id="oc-4ce">
         <name>.debug_info</name>
         <load_address>0x0</load_address>
         <run_address>0x0</run_address>
         <size>0x62c</size>
         <input_file_ref idref="fl-2"/>
      </object_component>
      <object_component id="oc-6e6">
         <name>.debug_info</name>
         <load_address>0x62c</load_address>
         <run_address>0x62c</run_address>
         <size>0x1d4</size>
         <input_file_ref idref="fl-2"/>
      </object_component>
      <object_component id="oc-5a5">
         <name>.debug_info</name>
         <load_address>0x800</load_address>
         <run_address>0x800</run_address>
         <size>0x21c</size>
         <input_file_ref idref="fl-2"/>
      </object_component>
      <object_component id="oc-450">
         <name>.debug_info</name>
         <load_address>0xa1c</load_address>
         <run_address>0xa1c</run_address>
         <size>0x315</size>
         <input_file_ref idref="fl-2"/>
      </object_component>
      <object_component id="oc-4f2">
         <name>.debug_info</name>
         <load_address>0xd31</load_address>
         <run_address>0xd31</run_address>
         <size>0x110</size>
         <input_file_ref idref="fl-2"/>
      </object_component>
      <object_component id="oc-44b">
         <name>.debug_info</name>
         <load_address>0xe41</load_address>
         <run_address>0xe41</run_address>
         <size>0x26b</size>
         <input_file_ref idref="fl-2"/>
      </object_component>
      <object_component id="oc-4f7">
         <name>.debug_info</name>
         <load_address>0x10ac</load_address>
         <run_address>0x10ac</run_address>
         <size>0x3e3</size>
         <input_file_ref idref="fl-2"/>
      </object_component>
      <object_component id="oc-3fa">
         <name>.debug_info</name>
         <load_address>0x148f</load_address>
         <run_address>0x148f</run_address>
         <size>0x4f</size>
         <input_file_ref idref="fl-2"/>
      </object_component>
      <object_component id="oc-840">
         <name>.debug_info</name>
         <load_address>0x14de</load_address>
         <run_address>0x14de</run_address>
         <size>0x2c</size>
         <input_file_ref idref="fl-2"/>
      </object_component>
      <object_component id="oc-322">
         <name>.debug_info</name>
         <load_address>0x150a</load_address>
         <run_address>0x150a</run_address>
         <size>0x84</size>
         <input_file_ref idref="fl-2"/>
      </object_component>
      <object_component id="oc-51f">
         <name>.debug_info</name>
         <load_address>0x158e</load_address>
         <run_address>0x158e</run_address>
         <size>0x2c</size>
         <input_file_ref idref="fl-2"/>
      </object_component>
      <object_component id="oc-4fc">
         <name>.debug_info</name>
         <load_address>0x15ba</load_address>
         <run_address>0x15ba</run_address>
         <size>0x275</size>
         <input_file_ref idref="fl-2"/>
      </object_component>
      <object_component id="oc-426">
         <name>.debug_info</name>
         <load_address>0x182f</load_address>
         <run_address>0x182f</run_address>
         <size>0xbb</size>
         <input_file_ref idref="fl-2"/>
      </object_component>
      <object_component id="oc-41b">
         <name>.debug_info</name>
         <load_address>0x18ea</load_address>
         <run_address>0x18ea</run_address>
         <size>0x53</size>
         <input_file_ref idref="fl-2"/>
      </object_component>
      <object_component id="oc-455">
         <name>.debug_info</name>
         <load_address>0x193d</load_address>
         <run_address>0x193d</run_address>
         <size>0x14c</size>
         <input_file_ref idref="fl-2"/>
      </object_component>
      <object_component id="oc-4cf">
         <name>.debug_info</name>
         <load_address>0x1a89</load_address>
         <run_address>0x1a89</run_address>
         <size>0x6f2</size>
         <input_file_ref idref="fl-3"/>
      </object_component>
      <object_component id="oc-6f2">
         <name>.debug_info</name>
         <load_address>0x217b</load_address>
         <run_address>0x217b</run_address>
         <size>0x2b7</size>
         <input_file_ref idref="fl-3"/>
      </object_component>
      <object_component id="oc-5b1">
         <name>.debug_info</name>
         <load_address>0x2432</load_address>
         <run_address>0x2432</run_address>
         <size>0x322</size>
         <input_file_ref idref="fl-3"/>
      </object_component>
      <object_component id="oc-6f4">
         <name>.debug_info</name>
         <load_address>0x2754</load_address>
         <run_address>0x2754</run_address>
         <size>0x386</size>
         <input_file_ref idref="fl-3"/>
      </object_component>
      <object_component id="oc-6f7">
         <name>.debug_info</name>
         <load_address>0x2ada</load_address>
         <run_address>0x2ada</run_address>
         <size>0x26c</size>
         <input_file_ref idref="fl-3"/>
      </object_component>
      <object_component id="oc-613">
         <name>.debug_info</name>
         <load_address>0x2d46</load_address>
         <run_address>0x2d46</run_address>
         <size>0x3e3</size>
         <input_file_ref idref="fl-3"/>
      </object_component>
      <object_component id="oc-3ff">
         <name>.debug_info</name>
         <load_address>0x3129</load_address>
         <run_address>0x3129</run_address>
         <size>0x4f</size>
         <input_file_ref idref="fl-3"/>
      </object_component>
      <object_component id="oc-397">
         <name>.debug_info</name>
         <load_address>0x3178</load_address>
         <run_address>0x3178</run_address>
         <size>0x2c</size>
         <input_file_ref idref="fl-3"/>
      </object_component>
      <object_component id="oc-690">
         <name>.debug_info</name>
         <load_address>0x31a4</load_address>
         <run_address>0x31a4</run_address>
         <size>0x4be</size>
         <input_file_ref idref="fl-4"/>
      </object_component>
      <object_component id="oc-69d">
         <name>.debug_info</name>
         <load_address>0x3662</load_address>
         <run_address>0x3662</run_address>
         <size>0x109</size>
         <input_file_ref idref="fl-4"/>
      </object_component>
      <object_component id="oc-57b">
         <name>.debug_info</name>
         <load_address>0x376b</load_address>
         <run_address>0x376b</run_address>
         <size>0x133</size>
         <input_file_ref idref="fl-4"/>
      </object_component>
      <object_component id="oc-598">
         <name>.debug_info</name>
         <load_address>0x389e</load_address>
         <run_address>0x389e</run_address>
         <size>0x1c0</size>
         <input_file_ref idref="fl-4"/>
      </object_component>
      <object_component id="oc-584">
         <name>.debug_info</name>
         <load_address>0x3a5e</load_address>
         <run_address>0x3a5e</run_address>
         <size>0x257</size>
         <input_file_ref idref="fl-4"/>
      </object_component>
      <object_component id="oc-591">
         <name>.debug_info</name>
         <load_address>0x3cb5</load_address>
         <run_address>0x3cb5</run_address>
         <size>0x27c</size>
         <input_file_ref idref="fl-4"/>
      </object_component>
      <object_component id="oc-47b">
         <name>.debug_info</name>
         <load_address>0x3f31</load_address>
         <run_address>0x3f31</run_address>
         <size>0x27b</size>
         <input_file_ref idref="fl-4"/>
      </object_component>
      <object_component id="oc-697">
         <name>.debug_info</name>
         <load_address>0x41ac</load_address>
         <run_address>0x41ac</run_address>
         <size>0x1e3</size>
         <input_file_ref idref="fl-4"/>
      </object_component>
      <object_component id="oc-62d">
         <name>.debug_info</name>
         <load_address>0x438f</load_address>
         <run_address>0x438f</run_address>
         <size>0x4a6</size>
         <input_file_ref idref="fl-5"/>
      </object_component>
      <object_component id="oc-6ea">
         <name>.debug_info</name>
         <load_address>0x4835</load_address>
         <run_address>0x4835</run_address>
         <size>0x11c</size>
         <input_file_ref idref="fl-5"/>
      </object_component>
      <object_component id="oc-6ed">
         <name>.debug_info</name>
         <load_address>0x4951</load_address>
         <run_address>0x4951</run_address>
         <size>0x116</size>
         <input_file_ref idref="fl-5"/>
      </object_component>
      <object_component id="oc-5ab">
         <name>.debug_info</name>
         <load_address>0x4a67</load_address>
         <run_address>0x4a67</run_address>
         <size>0x225</size>
         <input_file_ref idref="fl-5"/>
      </object_component>
      <object_component id="oc-52c">
         <name>.debug_info</name>
         <load_address>0x4c8c</load_address>
         <run_address>0x4c8c</run_address>
         <size>0x3e3</size>
         <input_file_ref idref="fl-5"/>
      </object_component>
      <object_component id="oc-776">
         <name>.debug_info</name>
         <load_address>0x506f</load_address>
         <run_address>0x506f</run_address>
         <size>0x76</size>
         <input_file_ref idref="fl-5"/>
      </object_component>
      <object_component id="oc-527">
         <name>.debug_info</name>
         <load_address>0x50e5</load_address>
         <run_address>0x50e5</run_address>
         <size>0x53</size>
         <input_file_ref idref="fl-5"/>
      </object_component>
      <object_component id="oc-7ef">
         <name>.debug_info</name>
         <load_address>0x5138</load_address>
         <run_address>0x5138</run_address>
         <size>0x64e</size>
         <input_file_ref idref="fl-6"/>
      </object_component>
      <object_component id="oc-6df">
         <name>.debug_info</name>
         <load_address>0x5786</load_address>
         <run_address>0x5786</run_address>
         <size>0x1d1</size>
         <input_file_ref idref="fl-6"/>
      </object_component>
      <object_component id="oc-59f">
         <name>.debug_info</name>
         <load_address>0x5957</load_address>
         <run_address>0x5957</run_address>
         <size>0x234</size>
         <input_file_ref idref="fl-6"/>
      </object_component>
      <object_component id="oc-6e1">
         <name>.debug_info</name>
         <load_address>0x5b8b</load_address>
         <run_address>0x5b8b</run_address>
         <size>0x23c</size>
         <input_file_ref idref="fl-6"/>
      </object_component>
      <object_component id="oc-783">
         <name>.debug_info</name>
         <load_address>0x5dc7</load_address>
         <run_address>0x5dc7</run_address>
         <size>0x21e</size>
         <input_file_ref idref="fl-7"/>
      </object_component>
      <object_component id="oc-77d">
         <name>.debug_info</name>
         <load_address>0x5fe5</load_address>
         <run_address>0x5fe5</run_address>
         <size>0x21a</size>
         <input_file_ref idref="fl-7"/>
      </object_component>
      <object_component id="oc-636">
         <name>.debug_info</name>
         <load_address>0x61ff</load_address>
         <run_address>0x61ff</run_address>
         <size>0x1f8</size>
         <input_file_ref idref="fl-7"/>
      </object_component>
      <object_component id="oc-790">
         <name>.debug_info</name>
         <load_address>0x63f7</load_address>
         <run_address>0x63f7</run_address>
         <size>0x2df</size>
         <input_file_ref idref="fl-8"/>
      </object_component>
      <object_component id="oc-538">
         <name>.debug_info</name>
         <load_address>0x66d6</load_address>
         <run_address>0x66d6</run_address>
         <size>0x197</size>
         <input_file_ref idref="fl-8"/>
      </object_component>
      <object_component id="oc-78a">
         <name>.debug_info</name>
         <load_address>0x686d</load_address>
         <run_address>0x686d</run_address>
         <size>0x1fa</size>
         <input_file_ref idref="fl-8"/>
      </object_component>
      <object_component id="oc-63c">
         <name>.debug_info</name>
         <load_address>0x6a67</load_address>
         <run_address>0x6a67</run_address>
         <size>0x213</size>
         <input_file_ref idref="fl-8"/>
      </object_component>
      <object_component id="oc-532">
         <name>.debug_info</name>
         <load_address>0x6c7a</load_address>
         <run_address>0x6c7a</run_address>
         <size>0x190</size>
         <input_file_ref idref="fl-9"/>
      </object_component>
      <object_component id="oc-53e">
         <name>.debug_info</name>
         <load_address>0x6e0a</load_address>
         <run_address>0x6e0a</run_address>
         <size>0x2f0</size>
         <input_file_ref idref="fl-9"/>
      </object_component>
      <object_component id="oc-54a">
         <name>.debug_info</name>
         <load_address>0x70fa</load_address>
         <run_address>0x70fa</run_address>
         <size>0x20e</size>
         <input_file_ref idref="fl-a"/>
      </object_component>
      <object_component id="oc-544">
         <name>.debug_info</name>
         <load_address>0x7308</load_address>
         <run_address>0x7308</run_address>
         <size>0x1d8</size>
         <input_file_ref idref="fl-a"/>
      </object_component>
      <object_component id="oc-654">
         <name>.debug_info</name>
         <load_address>0x74e0</load_address>
         <run_address>0x74e0</run_address>
         <size>0x494</size>
         <input_file_ref idref="fl-b"/>
      </object_component>
      <object_component id="oc-64b">
         <name>.debug_info</name>
         <load_address>0x7974</load_address>
         <run_address>0x7974</run_address>
         <size>0x11a</size>
         <input_file_ref idref="fl-b"/>
      </object_component>
      <object_component id="oc-65e">
         <name>.debug_info</name>
         <load_address>0x7a8e</load_address>
         <run_address>0x7a8e</run_address>
         <size>0x12e</size>
[...]
         <name>vApplicationStackOverflowHook</name>
         <value>0x12638</value>
         <object_component_ref idref="oc-517"/>
      </symbol>
      <symbol id="sm-5ed">
         <name>__TI_int42</name>
         <value>0xffd4</value>
         <object_component_ref idref="oc-7a"/>
      </symbol>
      <symbol id="sm-5ee">
         <name>vApplicationIdleHook</name>
         <value>0x12624</value>
         <object_component_ref idref="oc-734"/>
      </symbol>
      <symbol id="sm-5ef">
         <name>prvSelectButtonInterrupt</name>
         <value>0x5c64</value>
         <object_component_ref idref="oc-339"/>
      </symbol>
      <symbol id="sm-5f0">
         <name>vApplicationSetupTimerInterrupt</name>
         <value>0x1238a</value>
         <object_component_ref idref="oc-43d"/>
      </symbol>
      <symbol id="sm-5f1">
         <name>main</name>
         <value>0x11b90</value>
         <object_component_ref idref="oc-3d3"/>
      </symbol>
      <symbol id="sm-5f2">
         <name>usRegTest2Counter</name>
         <value>0x5452</value>
         <object_component_ref idref="oc-39f"/>
      </symbol>
      <symbol id="sm-5f3">
         <name>vApplicationTickHook</name>
         <value>0x123b0</value>
         <object_component_ref idref="oc-514"/>
      </symbol>
      <symbol id="sm-5f4">
         <name>vApplicationMallocFailedHook</name>
         <value>0x1262e</value>
         <object_component_ref idref="oc-67f"/>
      </symbol>
      <symbol id="sm-624">
         <name>__TI_int46</name>
         <value>0xffdc</value>
         <object_component_ref idref="oc-7e"/>
      </symbol>
      <symbol id="sm-625">
         <name>xSerialPutChar</name>
         <value>0x12512</value>
         <object_component_ref idref="oc-69f"/>
      </symbol>
      <symbol id="sm-626">
         <name>xSerialGetChar</name>
         <value>0x12544</value>
         <object_component_ref idref="oc-6d6"/>
      </symbol>
      <symbol id="sm-627">
         <name>prvUSCI_A1_ISR</name>
         <value>0x5c00</value>
         <object_component_ref idref="oc-33f"/>
      </symbol>
      <symbol id="sm-628">
         <name>xSerialPortInitMinimal</name>
         <value>0x112e0</value>
         <object_component_ref idref="oc-57d"/>
      </symbol>
      <symbol id="sm-654">
         <name>uxListRemove</name>
         <value>0x120fa</value>
         <object_component_ref idref="oc-4d7"/>
      </symbol>
      <symbol id="sm-655">
         <name>vListInsert</name>
         <value>0x11fc8</value>
         <object_component_ref idref="oc-80a"/>
      </symbol>
      <symbol id="sm-656">
         <name>vListInitialiseItem</name>
         <value>0x12642</value>
         <object_component_ref idref="oc-726"/>
      </symbol>
      <symbol id="sm-657">
         <name>vListInsertEnd</name>
         <value>0x123d6</value>
         <object_component_ref idref="oc-4e0"/>
      </symbol>
      <symbol id="sm-658">
         <name>vListInitialise</name>
         <value>0x12362</value>
         <object_component_ref idref="oc-7b8"/>
      </symbol>
      <symbol id="sm-730">
         <name>xQueueGenericSendFromISR</name>
         <value>0x111dc</value>
         <object_component_ref idref="oc-3a9"/>
      </symbol>
      <symbol id="sm-731">
         <name>xQueueGenericCreate</name>
         <value>0x11c8c</value>
         <object_component_ref idref="oc-474"/>
      </symbol>
      <symbol id="sm-732">
         <name>xQueueGenericSend</name>
         <value>0x10000</value>
         <object_component_ref idref="oc-5b6"/>
      </symbol>
      <symbol id="sm-733">
         <name>xQueueGenericReset</name>
         <value>0x10b66</value>
         <object_component_ref idref="oc-687"/>
      </symbol>
      <symbol id="sm-734">
         <name>xQueueReceiveFromISR</name>
         <value>0x116b2</value>
         <object_component_ref idref="oc-3b9"/>
      </symbol>
      <symbol id="sm-735">
         <name>vQueueWaitForMessageRestricted</name>
         <value>0x11d80</value>
         <object_component_ref idref="oc-87f"/>
      </symbol>
      <symbol id="sm-736">
         <name>xQueueReceive</name>
         <value>0x10300</value>
         <object_component_ref idref="oc-7e5"/>
      </symbol>
      <symbol id="sm-885">
         <name>vTaskDelay</name>
         <value>0x12204</value>
         <object_component_ref idref="oc-6bc"/>
      </symbol>
      <symbol id="sm-886">
         <name>vTaskSuspendAll</name>
         <value>0x12656</value>
         <object_component_ref idref="oc-66d"/>
      </symbol>
      <symbol id="sm-887">
         <name>vTaskPlaceOnEventList</name>
         <value>0x122be</value>
         <object_component_ref idref="oc-719"/>
      </symbol>
      <symbol id="sm-888">
         <name>xTaskCheckForTimeOut</name>
         <value>0x1163e</value>
         <object_component_ref idref="oc-707"/>
      </symbol>
      <symbol id="sm-889">
         <name>xTaskPriorityDisinherit</name>
         <value>0x1125e</value>
         <object_component_ref idref="oc-4d0"/>
      </symbol>
      <symbol id="sm-88a">
         <name>vTaskStartScheduler</name>
         <value>0x11b3a</value>
         <object_component_ref idref="oc-488"/>
      </symbol>
      <symbol id="sm-88b">
         <name>vTaskInternalSetTimeOutState</name>
         <value>0x12616</value>
         <object_component_ref idref="oc-701"/>
      </symbol>
      <symbol id="sm-88c">
         <name>xTaskCreate</name>
         <value>0x1104a</value>
         <object_component_ref idref="oc-58a"/>
      </symbol>
      <symbol id="sm-88d">
         <name>vTaskMissedYield</name>
         <value>0x12650</value>
         <object_component_ref idref="oc-802"/>
      </symbol>
      <symbol id="sm-88e">
         <name>xTaskResumeAll</name>
         <value>0x10906</value>
         <object_component_ref idref="oc-679"/>
      </symbol>
      <symbol id="sm-88f">
         <name>xTaskGetTickCount</name>
         <value>0x1248c</value>
         <object_component_ref idref="oc-6b1"/>
      </symbol>
      <symbol id="sm-890">
         <name>pxCurrentTCB</name>
         <value>0x5408</value>
         <object_component_ref idref="oc-42e"/>
      </symbol>
      <symbol id="sm-891">
         <name>vTaskPlaceOnEventListRestricted</name>
         <value>0x121d0</value>
         <object_component_ref idref="oc-8ab"/>
      </symbol>
      <symbol id="sm-892">
         <name>xTaskIncrementTick</name>
         <value>0x10664</value>
         <object_component_ref idref="oc-431"/>
      </symbol>
      <symbol id="sm-893">
         <name>vTaskSwitchContext</name>
         <value>0x109d8</value>
         <object_component_ref idref="oc-437"/>
      </symbol>
      <symbol id="sm-894">
         <name>xTaskGetSchedulerState</name>
         <value>0x1255c</value>
         <object_component_ref idref="oc-6fb"/>
      </symbol>
      <symbol id="sm-895">
         <name>xTaskRemoveFromEventList</name>
         <value>0x11360</value>
         <object_component_ref idref="oc-414"/>
      </symbol>
      <symbol id="sm-956">
         <name>xTimerCreateTimerTask</name>
         <value>0x11dce</value>
         <object_component_ref idref="oc-5d0"/>
      </symbol>
      <symbol id="sm-957">
         <name>xTimerCreate</name>
         <value>0x11f42</value>
         <object_component_ref idref="oc-482"/>
      </symbol>
      <symbol id="sm-958">
         <name>xTimerGenericCommand</name>
         <value>0x115c8</value>
         <object_component_ref idref="oc-892"/>
      </symbol>
      <symbol id="sm-971">
         <name>__TI_int54</name>
         <value>0xffec</value>
         <object_component_ref idref="oc-86"/>
      </symbol>
      <symbol id="sm-972">
         <name>vTickISREntry</name>
         <value>0x5cac</value>
         <object_component_ref idref="oc-34b"/>
      </symbol>
      <symbol id="sm-973">
         <name>usCriticalNesting</name>
         <value>0x549c</value>
         <object_component_ref idref="oc-42b"/>
      </symbol>
      <symbol id="sm-974">
         <name>pxPortInitialiseStack</name>
         <value>0x12468</value>
         <object_component_ref idref="oc-7d7"/>
      </symbol>
      <symbol id="sm-97c">
         <name>vPortCooperativeTickISR</name>
         <value>0x10c40</value>
         <object_component_ref idref="oc-3af"/>
      </symbol>
      <symbol id="sm-97d">
         <name>vPortPreemptiveTickISR</name>
         <value>0x10c10</value>
         <object_component_ref idref="oc-3af"/>
      </symbol>
      <symbol id="sm-97e">
         <name>vPortYield</name>
         <value>0x10c6c</value>
         <object_component_ref idref="oc-3af"/>
      </symbol>
      <symbol id="sm-97f">
         <name>xPortStartScheduler</name>
         <value>0x10c9c</value>
         <object_component_ref idref="oc-3af"/>
      </symbol>
      <symbol id="sm-9a6">
         <name>pvPortMalloc</name>
         <value>0x1115a</value>
         <object_component_ref idref="oc-56d"/>
      </symbol>
      <symbol id="sm-9a7">
         <name>vPortFree</name>
         <value>0x12608</value>
         <object_component_ref idref="oc-6c3"/>
      </symbol>
      <symbol id="sm-9b1">
         <name>__mspabi_remu</name>
         <value>0x125a0</value>
         <object_component_ref idref="oc-6b7"/>
      </symbol>
      <symbol id="sm-9b2">
         <name>__mspabi_divu</name>
         <value>0x125a0</value>
         <object_component_ref idref="oc-6b7"/>
      </symbol>
      <symbol id="sm-9c0">
         <name>__mspabi_remul</name>
         <value>0x11a8c</value>
         <object_component_ref idref="oc-630"/>
      </symbol>
      <symbol id="sm-9c1">
         <name>__mspabi_divul</name>
         <value>0x11a8c</value>
         <object_component_ref idref="oc-630"/>
      </symbol>
      <symbol id="sm-9c4">
         <name>__TI_int41</name>
         <value>0xffd2</value>
         <object_component_ref idref="oc-79"/>
      </symbol>
      <symbol id="sm-9c7">
         <name>__TI_int43</name>
         <value>0xffd6</value>
         <object_component_ref idref="oc-7b"/>
      </symbol>
      <symbol id="sm-9ca">
         <name>__TI_int44</name>
         <value>0xffd8</value>
         <object_component_ref idref="oc-7c"/>
      </symbol>
      <symbol id="sm-9cd">
         <name>__TI_int45</name>
         <value>0xffda</value>
         <object_component_ref idref="oc-7d"/>
      </symbol>
      <symbol id="sm-9d0">
         <name>__TI_int47</name>
         <value>0xffde</value>
         <object_component_ref idref="oc-7f"/>
      </symbol>
      <symbol id="sm-9d3">
         <name>__TI_int48</name>
         <value>0xffe0</value>
         <object_component_ref idref="oc-80"/>
      </symbol>
      <symbol id="sm-9d6">
         <name>__TI_int50</name>
         <value>0xffe4</value>
         <object_component_ref idref="oc-82"/>
      </symbol>
      <symbol id="sm-9d9">
         <name>__TI_int51</name>
         <value>0xffe6</value>
         <object_component_ref idref="oc-83"/>
      </symbol>
      <symbol id="sm-9dc">
         <name>__TI_int52</name>
         <value>0xffe8</value>
         <object_component_ref idref="oc-84"/>
      </symbol>
      <symbol id="sm-9df">
         <name>__TI_int53</name>
         <value>0xffea</value>
         <object_component_ref idref="oc-85"/>
      </symbol>
      <symbol id="sm-9e2">
         <name>__TI_int55</name>
         <value>0xffee</value>
         <object_component_ref idref="oc-87"/>
      </symbol>
      <symbol id="sm-9e5">
         <name>__TI_int56</name>
         <value>0xfff0</value>
         <object_component_ref idref="oc-88"/>
      </symbol>
      <symbol id="sm-9e8">
         <name>__TI_int57</name>
         <value>0xfff2</value>
         <object_component_ref idref="oc-89"/>
      </symbol>
      <symbol id="sm-9eb">
         <name>__TI_int58</name>
         <value>0xfff4</value>
         <object_component_ref idref="oc-8a"/>
      </symbol>
      <symbol id="sm-9ee">
         <name>__TI_int59</name>
         <value>0xfff6</value>
         <object_component_ref idref="oc-8b"/>
      </symbol>
      <symbol id="sm-9f1">
         <name>__TI_int60</name>
         <value>0xfff8</value>
         <object_component_ref idref="oc-8c"/>
      </symbol>
      <symbol id="sm-9f4">
         <name>__TI_int61</name>
         <value>0xfffa</value>
         <object_component_ref idref="oc-8d"/>
      </symbol>
      <symbol id="sm-9f7">
         <name>__TI_int62</name>
         <value>0xfffc</value>
         <object_component_ref idref="oc-8e"/>
      </symbol>
      <symbol id="sm-9ff">
         <name>__TI_ISR_TRAP</name>
         <value>0x5cc6</value>
         <object_component_ref idref="oc-334"/>
      </symbol>
      <symbol id="sm-a08">
         <name>__mspabi_srll_8</name>
         <value>0x12062</value>
         <object_component_ref idref="oc-691"/>
      </symbol>
      <symbol id="sm-a09">
         <name>__mspabi_srll_9</name>
         <value>0x1205e</value>
         <object_component_ref idref="oc-691"/>
      </symbol>
      <symbol id="sm-a0a">
         <name>__mspabi_srll_6</name>
         <value>0x1206a</value>
         <object_component_ref idref="oc-691"/>
      </symbol>
      <symbol id="sm-a0b">
         <name>__mspabi_srll_7</name>
         <value>0x12066</value>
         <object_component_ref idref="oc-691"/>
      </symbol>
      <symbol id="sm-a0c">
         <name>__mspabi_srll_4</name>
         <value>0x12072</value>
         <object_component_ref idref="oc-691"/>
      </symbol>
      <symbol id="sm-a0d">
         <name>__mspabi_srll_5</name>
         <value>0x1206e</value>
         <object_component_ref idref="oc-691"/>
      </symbol>
      <symbol id="sm-a0e">
         <name>__mspabi_srll_2</name>
         <value>0x1207a</value>
         <object_component_ref idref="oc-691"/>
      </symbol>
      <symbol id="sm-a0f">
         <name>__mspabi_srll_3</name>
         <value>0x12076</value>
         <object_component_ref idref="oc-691"/>
      </symbol>
      <symbol id="sm-a10">
         <name>__mspabi_srll_1</name>
         <value>0x1207e</value>
         <object_component_ref idref="oc-691"/>
      </symbol>
      <symbol id="sm-a11">
         <name>__mspabi_srll_15</name>
         <value>0x12046</value>
         <object_component_ref idref="oc-691"/>
      </symbol>
      <symbol id="sm-a12">
         <name>__mspabi_srll_14</name>
         <value>0x1204a</value>
         <object_component_ref idref="oc-691"/>
      </symbol>
      <symbol id="sm-a13">
         <name>__mspabi_srll_13</name>
         <value>0x1204e</value>
         <object_component_ref idref="oc-691"/>
      </symbol>
      <symbol id="sm-a14">
         <name>__mspabi_srll_12</name>
         <value>0x12052</value>
         <object_component_ref idref="oc-691"/>
      </symbol>
      <symbol id="sm-a15">
         <name>__mspabi_srll_11</name>
         <value>0x12056</value>
         <object_component_ref idref="oc-691"/>
      </symbol>
      <symbol id="sm-a16">
         <name>__mspabi_srll_10</name>
         <value>0x1205a</value>
         <object_component_ref idref="oc-691"/>
      </symbol>
      <symbol id="sm-a1f">
         <name>__mspabi_mpyi_f5hw</name>
         <value>0x1252c</value>
         <object_component_ref idref="oc-568"/>
      </symbol>
      <symbol id="sm-a33">
         <name>_stack</name>
         <value>0x5ad4</value>
         <object_component_ref idref="oc-318"/>
      </symbol>
      <symbol id="sm-a34">
         <name>_c_int00_noargs</name>
         <value>0x5c90</value>
         <object_component_ref idref="oc-363"/>
      </symbol>
      <symbol id="sm-a35">
         <name>_reset_vector</name>
         <value>0xfffe</value>
         <object_component_ref idref="oc-31b"/>
      </symbol>
      <symbol id="sm-a57">
         <name>__TI_auto_init_nobinit_nopinit_hold_wdt</name>
         <value>0x114da</value>
         <object_component_ref idref="oc-4b3"/>
      </symbol>
      <symbol id="sm-a6a">
         <name>__TI_zero_init</name>
         <value>0x123fc</value>
         <object_component_ref idref="oc-357"/>
      </symbol>
      <symbol id="sm-a75">
         <name>_system_pre_init</name>
         <value>0x1265c</value>
         <object_component_ref idref="oc-3cd"/>
      </symbol>
      <symbol id="sm-a7e">
         <name>_system_post_cinit</name>
         <value>0x12660</value>
         <object_component_ref idref="oc-5ee"/>
      </symbol>
      <symbol id="sm-a8f">
         <name>__TI_decompress_none</name>
         <value>0x12574</value>
         <object_component_ref idref="oc-73"/>
      </symbol>
      <symbol id="sm-ab2">
         <name>__TI_decompress_lzss</name>
         <value>0x11552</value>
         <object_component_ref idref="oc-6d"/>
      </symbol>
      <symbol id="sm-abc">
         <name>C$$EXIT</name>
         <value>0x1264a</value>
         <object_component_ref idref="oc-48f"/>
      </symbol>
      <symbol id="sm-abd">
         <name>abort</name>
         <value>0x1264a</value>
         <object_component_ref idref="oc-48f"/>
      </symbol>
      <symbol id="sm-ace">
         <name>memcpy</name>
         <value>0x12084</value>
         <object_component_ref idref="oc-327"/>
      </symbol>
      <symbol id="sm-add">
         <name>memset</name>
         <value>0x124d2</value>
         <object_component_ref idref="oc-7d1"/>
      </symbol>
      <symbol id="sm-ae6">
         <name>__mspabi_sral_15</name>
         <value>0x12008</value>
         <object_component_ref idref="oc-5e9"/>
      </symbol>
      <symbol id="sm-ae7">
         <name>__mspabi_sral_14</name>
         <value>0x1200c</value>
         <object_component_ref idref="oc-5e9"/>
      </symbol>
      <symbol id="sm-ae8">
         <name>__mspabi_sral_13</name>
         <value>0x12010</value>
         <object_component_ref idref="oc-5e9"/>
      </symbol>
      <symbol id="sm-ae9">
         <name>__mspabi_sral_12</name>
         <value>0x12014</value>
         <object_component_ref idref="oc-5e9"/>
      </symbol>
      <symbol id="sm-aea">
         <name>__mspabi_sral_11</name>
         <value>0x12018</value>
         <object_component_ref idref="oc-5e9"/>
      </symbol>
      <symbol id="sm-aeb">
         <name>__mspabi_sral_10</name>
         <value>0x1201c</value>
         <object_component_ref idref="oc-5e9"/>
      </symbol>
      <symbol id="sm-aec">
         <name>__mspabi_sral_8</name>
         <value>0x12024</value>
         <object_component_ref idref="oc-5e9"/>
      </symbol>
      <symbol id="sm-aed">
         <name>__mspabi_sral_9</name>
         <value>0x12020</value>
         <object_component_ref idref="oc-5e9"/>
      </symbol>
      <symbol id="sm-aee">
         <name>__mspabi_sral_6</name>
         <value>0x1202c</value>
         <object_component_ref idref="oc-5e9"/>
      </symbol>
      <symbol id="sm-aef">
         <name>__mspabi_sral_7</name>
         <value>0x12028</value>
         <object_component_ref idref="oc-5e9"/>
      </symbol>
      <symbol id="sm-af0">
         <name>__mspabi_sral_4</name>
         <value>0x12034</value>
         <object_component_ref idref="oc-5e9"/>
      </symbol>
      <symbol id="sm-af1">
         <name>__mspabi_sral_5</name>
         <value>0x12030</value>
         <object_component_ref idref="oc-5e9"/>
      </symbol>
      <symbol id="sm-af2">
         <name>__mspabi_sral_2</name>
         <value>0x1203c</value>
         <object_component_ref idref="oc-5e9"/>
      </symbol>
      <symbol id="sm-af3">
         <name>__mspabi_sral_3</name>
         <value>0x12038</value>
         <object_component_ref idref="oc-5e9"/>
      </symbol>
      <symbol id="sm-af4">
         <name>__mspabi_sral_1</name>
         <value>0x12040</value>
         <object_component_ref idref="oc-5e9"/>
      </symbol>
      <symbol id="sm-af7">
         <name>vPortSetupTimerInterrupt</name>
         <value>0x1238a</value>
      </symbol>
   </symbol_table>
   <title>Link successful</title>
</link_info>
